Tasks: [ task1, type: Constant Double, scope: task0, input [], output [var1], Sandwood Code: double var1 = 0.0; ], [ task2, type: Constant Double, scope: task0, input [], output [var2], Sandwood Code: double var2 = 10.0; ], [ task3, type: Constant Int, scope: task0, input [], output [var3], Sandwood Code: int var3 = 2; ], [ task4, type: Constant Int, scope: task0, input [], output [var4], Sandwood Code: int var4 = 7; ], [ task5, type: Array Constructor, scope: task0, input [var3], output [var5], Sandwood Code: double[][] var5 = new double[var3][]; ], [ task6, type: Constant Double, scope: task0, input [], output [var6], Sandwood Code: double var6 = 1.0; ], [ task7, type: Array Constructor, scope: task0, input [var4], output [var7], Sandwood Code: double[] var7 = new double[var4]; ], [ task8, type: Constant Int, scope: task0, input [], output [var8], Sandwood Code: int var8 = 0; ], [ task9, type: Constant Int, scope: task0, input [], output [var9], Sandwood Code: int var9 = 1; ], [ task10, type: Parallel for, scope: task0, input [var8, var4, var9], output [var10], Sandwood Code: for(int var10=var8; var10 < var4; var10 += var9) { ], [ task11, type: Put, scope: task10, input [var7, var10, var6], output [var11], Sandwood Code: var7[var10] = var6; ], [ task12, type: Constant Int, scope: task0, input [], output [var12], Sandwood Code: int var12 = 0; ], [ task13, type: Put, scope: task0, input [var5, var12, var11], output [var13], Sandwood Code: var5[var12] = var7; ], [ task15, type: Constant Double, scope: task0, input [], output [var14], Sandwood Code: double var14 = 4.0; ], [ task16, type: Array Constructor, scope: task0, input [var4], output [var15], Sandwood Code: double[] var15 = new double[var4]; ], [ task17, type: Constant Int, scope: task0, input [], output [var16], Sandwood Code: int var16 = 0; ], [ task18, type: Constant Int, scope: task0, input [], output [var17], Sandwood Code: int var17 = 1; ], [ task19, type: Parallel for, scope: task0, input [var16, var4, var17], output [var18], Sandwood Code: for(int var18=var16; var18 < var4; var18 += var17) { ], [ task20, type: Put, scope: task19, input [var15, var18, var14], output [var19], Sandwood Code: var15[var18] = var14; ], [ task21, type: Constant Int, scope: task0, input [], output [var20], Sandwood Code: int var20 = 1; ], [ task22, type: Put, scope: task0, input [var13, var20, var19], output [var21], Sandwood Code: var5[var20] = var15; ], [ task24, type: Constant Boolean, scope: task0, input [], output [var22], Sandwood Code: boolean var22 = true; ], [ task25, type: Array Constructor, scope: task0, input [var3], output [var23], Sandwood Code: boolean[] var23 = new boolean[var3]; ], [ task26, type: Constant Int, scope: task0, input [], output [var24], Sandwood Code: int var24 = 0; ], [ task27, type: Constant Int, scope: task0, input [], output [var25], Sandwood Code: int var25 = 1; ], [ task28, type: Parallel for, scope: task0, input [var24, var3, var25], output [var26], Sandwood Code: for(int var26=var24; var26 < var3; var26 += var25) { ], [ task29, type: Put, scope: task28, input [var23, var26, var22], output [var27], Sandwood Code: var23[var26] = var22; ], [ task30, type: Constant Int, scope: task0, input [], output [var28], Sandwood Code: int var28 = 0; ], [ task31, type: Get, scope: task0, input [var21, var28], output [var29], Sandwood Code: double[] var29 = var5[var28]; ], [ task32, type: Length, scope: task0, input [var29], output [var30], Sandwood Code: int var30 = var29.length; ], [ task33, type: Length, scope: task0, input [var21], output [var31], Sandwood Code: int var31 = var5.length; ], [ task34, type: Array Constructor, scope: task0, input [var31], output [var32], Sandwood Code: boolean[] var32 = new boolean[var31]; ], [ task35, type: Length, scope: task0, input [var21], output [var33], Sandwood Code: int var33 = var5.length; ], [ task36, type: Array Constructor, scope: task0, input [var33], output [var34], Sandwood Code: double[][] var34 = new double[var33][]; ], [ task37, type: Constant Double, scope: task0, input [], output [var35], Sandwood Code: double var35 = 0.0; ], [ task38, type: Constant Double, scope: task0, input [], output [var36], Sandwood Code: double var36 = 10.0; ], [ task39, type: Gaussian, scope: task0, input [var35, var36], output [var37], Sandwood Code: Gaussian var37 = new Gaussian(var35, var36); ], [ task40, type: Array Constructor, scope: task0, input [var30], output [var38], Sandwood Code: double[] var38 = new double[var30]; ], [ task41, type: Constant Int, scope: task0, input [], output [var39], Sandwood Code: int var39 = 0; ], [ task42, type: Constant Int, scope: task0, input [], output [var40], Sandwood Code: int var40 = 1; ], [ task43, type: Parallel for, scope: task0, input [var39, var30, var40], output [var41], Sandwood Code: for(int var41=var39; var41 < var30; var41 += var40) { ], [ task44, type: Sample, scope: task43, input [var37], output [var42], Sandwood Code: double var42 = var37.sample(); ], [ task45, type: Put, scope: task43, input [var38, var41, var42], output [var43], Sandwood Code: var38[var41] = var42; ], [ task46, type: Constant Double, scope: task0, input [], output [var44], Sandwood Code: double var44 = 0.0; ], [ task47, type: Constant Double, scope: task0, input [], output [var45], Sandwood Code: double var45 = 10.0; ], [ task48, type: Gaussian, scope: task0, input [var44, var45], output [var46], Sandwood Code: Gaussian var46 = new Gaussian(var44, var45); ], [ task49, type: Sample, scope: task0, input [var46], output [var47], Sandwood Code: double var47 = var46.sample(); ], [ task50, type: Constant Int, scope: task0, input [], output [var48], Sandwood Code: int var48 = 0; ], [ task51, type: Length, scope: task0, input [var21], output [var49], Sandwood Code: int var49 = var5.length; ], [ task52, type: Constant Int, scope: task0, input [], output [var50], Sandwood Code: int var50 = 1; ], [ task53, type: Parallel for, scope: task0, input [var48, var49, var50], output [var51], Sandwood Code: for(int var51=var48; var51 < var49; var51 += var50) { ], [ task54, type: Uniform, scope: task53, input [var1, var2], output [var52], Sandwood Code: Uniform var52 = new Uniform(var1, var2); ], [ task55, type: Array Constructor, scope: task53, input [var30], output [var53], Sandwood Code: double[] var53 = new double[var30]; ], [ task56, type: Constant Int, scope: task53, input [], output [var54], Sandwood Code: int var54 = 0; ], [ task57, type: Constant Int, scope: task53, input [], output [var55], Sandwood Code: int var55 = 1; ], [ task58, type: Parallel for, scope: task53, input [var54, var30, var55], output [var56], Sandwood Code: for(int var56=var54; var56 < var30; var56 += var55) { ], [ task59, type: Sample, scope: task58, input [var52], output [var57], Sandwood Code: double var57 = var52.sample(); ], [ task60, type: Put, scope: task58, input [var53, var56, var57], output [var58], Sandwood Code: var53[var56] = var57; ], [ task61, type: Put, scope: task53, input [var34, var51, var58], output [var59], Sandwood Code: var34[var51] = var53; ], [ task63, type: Constant Int, scope: task0, input [], output [var60], Sandwood Code: int var60 = 0; ], [ task64, type: Length, scope: task0, input [var21], output [var61], Sandwood Code: int var61 = var5.length; ], [ task65, type: Constant Int, scope: task0, input [], output [var62], Sandwood Code: int var62 = 1; ], [ task66, type: Parallel for, scope: task0, input [var60, var61, var62], output [var63], Sandwood Code: for(int var63=var60; var63 < var61; var63 += var62) { ], [ task67, type: Array Constructor, scope: task66, input [var30], output [var64], Sandwood Code: double[] var64 = new double[var30]; ], [ task68, type: Constant Int, scope: task66, input [], output [var65], Sandwood Code: int var65 = 0; ], [ task69, type: Constant Int, scope: task66, input [], output [var66], Sandwood Code: int var66 = 1; ], [ task70, type: Parallel for, scope: task66, input [var65, var30, var66], output [var67], Sandwood Code: for(int var67=var65; var67 < var30; var67 += var66) { ], [ task71, type: Get, scope: task70, input [var43, var67], output [var68], Sandwood Code: double var68 = var38[var67]; ], [ task72, type: Get, scope: task70, input [var59, var63], output [var69], Sandwood Code: double[] var69 = var34[var63]; ], [ task73, type: Get, scope: task70, input [var69, var67], output [var70], Sandwood Code: double var70 = var69[var67]; ], [ task74, type: Multiplication, scope: task70, input [var68, var70], output [var71], Sandwood Code: double var71 = var68 * var70; ], [ task75, type: Put, scope: task70, input [var64, var67, var71], output [var72], Sandwood Code: var64[var67] = var71; ], [ task76, type: Constant Int, scope: task66, input [], output [var73], Sandwood Code: int var73 = 0; ], [ task77, type: Length, scope: task66, input [var72], output [var74], Sandwood Code: int var74 = var64.length; ], [ task78, type: Constant Double, scope: task66, input [], output [var75], Sandwood Code: double var75 = 0.0; ], [ task80, type: Reduce input, scope: task79, input [var73, var74, var75, var72], output [var76], Sandwood Code:  ], [ task81, type: Reduce input, scope: task79, input [var73, var74, var75, var72], output [var77], Sandwood Code:  ], [ task82, type: Addition, scope: task79, input [var76, var77], output [var78], Sandwood Code: double var78 = var76 + var77; ], [ task83, type: Reduce return task, scope: task66, input [var78], output [var79], Sandwood Code: return var78; ], [ task84, type: Addition, scope: task66, input [var79, var47], output [var80], Sandwood Code: double var80 = var79 + var47; ], [ task85, type: Sigmoid, scope: task66, input [var80], output [var81], Sandwood Code: double var81 = Sigmoid(var80); ], [ task86, type: Bernoulli, scope: task66, input [var81], output [var82], Sandwood Code: Bernoulli var82 = new Bernoulli(var81); ], [ task87, type: Sample, scope: task66, input [var82], output [var83], Sandwood Code: boolean var83 = var82.sample(); ], [ task88, type: Put, scope: task66, input [var32, var63, var83], output [var84], Sandwood Code: var32[var63] = var83; ], [ task89, type: Observation variable, scope: task0, input [var59, var21], output [], Sandwood Code: var34.observe(var5); ], [ task90, type: Observation variable, scope: task0, input [var84, var27], output [], Sandwood Code: var32.observe(var23); ], Variables: [ var1, type: double, handle var1, parent: task1, alias: null, comment: null, scope: task0 ], [ var2, type: double, handle var2, parent: task2, alias: null, comment: null, scope: task0 ], [ var3, type: int, handle var3, parent: task3, alias: null, comment: null, scope: task0 ], [ var4, type: int, handle var4, parent: task4, alias: null, comment: null, scope: task0 ], [ var5, type: double[][], handle var5, parent: task5, alias: null, comment: null, scope: task0 ], [ var6, type: double, handle var6, parent: task6, alias: null, comment: null, scope: task0 ], [ var7, type: double[], handle var7, parent: task7, alias: null, comment: null, scope: task0 ], [ var8, type: int, handle var8, parent: task8, alias: null, comment: null, scope: task0 ], [ var9, type: int, handle var9, parent: task9, alias: null, comment: null, scope: task0 ], [ var10, type: int, handle var10, parent: task10, alias: null, comment: null, scope: task10 ], [ var11, type: double[], handle var7, parent: task11, alias: null, comment: null, scope: task0 ], [ var12, type: int, handle var12, parent: task12, alias: null, comment: null, scope: task0 ], [ var13, type: double[][], handle var5, parent: task13, alias: null, comment: null, scope: task0 ], [ var14, type: double, handle var14, parent: task15, alias: null, comment: null, scope: task0 ], [ var15, type: double[], handle var15, parent: task16, alias: null, comment: null, scope: task0 ], [ var16, type: int, handle var16, parent: task17, alias: null, comment: null, scope: task0 ], [ var17, type: int, handle var17, parent: task18, alias: null, comment: null, scope: task0 ], [ var18, type: int, handle var18, parent: task19, alias: null, comment: null, scope: task19 ], [ var19, type: double[], handle var15, parent: task20, alias: null, comment: null, scope: task0 ], [ var20, type: int, handle var20, parent: task21, alias: null, comment: null, scope: task0 ], [ var21, type: double[][], handle var5, parent: task22, alias: null, comment: null, scope: task0 ], [ var22, type: boolean, handle var22, parent: task24, alias: null, comment: null, scope: task0 ], [ var23, type: boolean[], handle var23, parent: task25, alias: null, comment: null, scope: task0 ], [ var24, type: int, handle var24, parent: task26, alias: null, comment: null, scope: task0 ], [ var25, type: int, handle var25, parent: task27, alias: null, comment: null, scope: task0 ], [ var26, type: int, handle var26, parent: task28, alias: null, comment: null, scope: task28 ], [ var27, type: boolean[], handle var23, parent: task29, alias: null, comment: null, scope: task0 ], [ var28, type: int, handle var28, parent: task30, alias: null, comment: null, scope: task0 ], [ var29, type: double[], handle var29, parent: task31, alias: null, comment: null, scope: task0 ], [ var30, type: int, handle var30, parent: task32, alias: null, comment: null, scope: task0 ], [ var31, type: int, handle var31, parent: task33, alias: null, comment: null, scope: task0 ], [ var32, type: boolean[], handle var32, parent: task34, alias: null, comment: null, scope: task0, constraint: var90 ], [ var33, type: int, handle var33, parent: task35, alias: null, comment: null, scope: task0 ], [ var34, type: double[][], handle var34, parent: task36, alias: null, comment: null, scope: task0, constraint: var89 ], [ var35, type: double, handle var35, parent: task37, alias: null, comment: null, scope: task0 ], [ var36, type: double, handle var36, parent: task38, alias: null, comment: null, scope: task0 ], [ var37, type: Gaussian, handle var37, parent: task39, alias: null, comment: null, scope: task0 ], [ var38, type: double[], handle var38, parent: task40, alias: null, comment: null, scope: task0 ], [ var39, type: int, handle var39, parent: task41, alias: null, comment: null, scope: task0 ], [ var40, type: int, handle var40, parent: task42, alias: null, comment: null, scope: task0 ], [ var41, type: int, handle var41, parent: task43, alias: null, comment: null, scope: task43 ], [ var42, type: double, handle var42, parent: task44, alias: null, comment: null, scope: task43 ], [ var43, type: double[], handle var38, parent: task45, alias: null, comment: null, scope: task0 ], [ var44, type: double, handle var44, parent: task46, alias: null, comment: null, scope: task0 ], [ var45, type: double, handle var45, parent: task47, alias: null, comment: null, scope: task0 ], [ var46, type: Gaussian, handle var46, parent: task48, alias: null, comment: null, scope: task0 ], [ var47, type: double, handle var47, parent: task49, alias: null, comment: null, scope: task0 ], [ var48, type: int, handle var48, parent: task50, alias: null, comment: null, scope: task0 ], [ var49, type: int, handle var49, parent: task51, alias: null, comment: null, scope: task0 ], [ var50, type: int, handle var50, parent: task52, alias: null, comment: null, scope: task0 ], [ var51, type: int, handle var51, parent: task53, alias: null, comment: null, scope: task53 ], [ var52, type: Uniform, handle var52, parent: task54, alias: null, comment: null, scope: task53 ], [ var53, type: double[], handle var53, parent: task55, alias: null, comment: null, scope: task53 ], [ var54, type: int, handle var54, parent: task56, alias: null, comment: null, scope: task53 ], [ var55, type: int, handle var55, parent: task57, alias: null, comment: null, scope: task53 ], [ var56, type: int, handle var56, parent: task58, alias: null, comment: null, scope: task58 ], [ var57, type: double, handle var57, parent: task59, alias: null, comment: null, scope: task58 ], [ var58, type: double[], handle var53, parent: task60, alias: null, comment: null, scope: task53 ], [ var59, type: double[][], handle var34, parent: task61, alias: null, comment: null, scope: task0 ], [ var60, type: int, handle var60, parent: task63, alias: null, comment: null, scope: task0 ], [ var61, type: int, handle var61, parent: task64, alias: null, comment: null, scope: task0 ], [ var62, type: int, handle var62, parent: task65, alias: null, comment: null, scope: task0 ], [ var63, type: int, handle var63, parent: task66, alias: null, comment: null, scope: task66 ], [ var64, type: double[], handle var64, parent: task67, alias: null, comment: null, scope: task66 ], [ var65, type: int, handle var65, parent: task68, alias: null, comment: null, scope: task66 ], [ var66, type: int, handle var66, parent: task69, alias: null, comment: null, scope: task66 ], [ var67, type: int, handle var67, parent: task70, alias: null, comment: null, scope: task70 ], [ var68, type: double, handle var68, parent: task71, alias: null, comment: null, scope: task70 ], [ var69, type: double[], handle var69, parent: task72, alias: null, comment: null, scope: task70 ], [ var70, type: double, handle var70, parent: task73, alias: null, comment: null, scope: task70 ], [ var71, type: double, handle var71, parent: task74, alias: null, comment: null, scope: task70 ], [ var72, type: double[], handle var64, parent: task75, alias: null, comment: null, scope: task66 ], [ var73, type: int, handle var73, parent: task76, alias: null, comment: null, scope: task66 ], [ var74, type: int, handle var74, parent: task77, alias: null, comment: null, scope: task66 ], [ var75, type: double, handle var75, parent: task78, alias: null, comment: null, scope: task66 ], [ var76, type: double, handle var76, parent: task80, alias: null, comment: null, scope: task79 ], [ var77, type: double, handle var77, parent: task81, alias: null, comment: null, scope: task79 ], [ var78, type: double, handle var78, parent: task82, alias: null, comment: null, scope: task79 ], [ var79, type: double, handle var79, parent: task83, alias: null, comment: null, scope: task66 ], [ var80, type: double, handle var80, parent: task84, alias: null, comment: null, scope: task66 ], [ var81, type: double, handle var81, parent: task85, alias: null, comment: null, scope: task66 ], [ var82, type: Bernoulli, handle var82, parent: task86, alias: null, comment: null, scope: task66 ], [ var83, type: boolean, handle var83, parent: task87, alias: null, comment: null, scope: task66 ], [ var84, type: boolean[], handle var32, parent: task88, alias: null, comment: null, scope: task0 ], 