Tasks: [ task1, type: Constant Int, scope: task0, input [], output [var1], Sandwood Code: int noTopics = 5; ], [ task2, type: Constant Int, scope: task0, input [], output [var2], Sandwood Code: int noTopics = 10; ], [ task3, type: Constant Int, scope: task0, input [], output [var3], Sandwood Code: int var3 = 2; ], [ task4, type: Array Constructor, scope: task0, input [var3], output [var4], Sandwood Code: int[][] documents = new int[var3][]; ], [ task5, type: Constant Int, scope: task0, input [], output [var5], Sandwood Code: int var5 = 10; ], [ task6, type: Constant Int, scope: task0, input [], output [var6], Sandwood Code: int var6 = 1; ], [ task7, type: Array Constructor, scope: task0, input [var6], output [var7], Sandwood Code: int[] document = new int[var6]; ], [ task8, type: Constant Int, scope: task0, input [], output [var8], Sandwood Code: int var8 = 0; ], [ task9, type: Constant Int, scope: task0, input [], output [var9], Sandwood Code: int var9 = 1; ], [ task10, type: Parallel for, scope: task0, input [var8, var6, var9], output [var10], Sandwood Code: for(int var10=var8; var10 < var6; var10 += var9) { ], [ task11, type: Put, scope: task10, input [var7, var10, var5], output [var11], Sandwood Code: document[var10] = var5; ], [ task12, type: Constant Int, scope: task0, input [], output [var12], Sandwood Code: int var12 = 0; ], [ task13, type: Put, scope: task0, input [var4, var12, var11], output [var13], Sandwood Code: documents[var12] = document; ], [ task15, type: Constant Int, scope: task0, input [], output [var14], Sandwood Code: int var14 = 8; ], [ task16, type: Constant Int, scope: task0, input [], output [var15], Sandwood Code: int var15 = 4; ], [ task17, type: Array Constructor, scope: task0, input [var15], output [var16], Sandwood Code: int[] document = new int[var15]; ], [ task18, type: Constant Int, scope: task0, input [], output [var17], Sandwood Code: int var17 = 0; ], [ task19, type: Constant Int, scope: task0, input [], output [var18], Sandwood Code: int var18 = 1; ], [ task20, type: Parallel for, scope: task0, input [var17, var15, var18], output [var19], Sandwood Code: for(int var19=var17; var19 < var15; var19 += var18) { ], [ task21, type: Put, scope: task20, input [var16, var19, var14], output [var20], Sandwood Code: document[var19] = var14; ], [ task22, type: Constant Int, scope: task0, input [], output [var21], Sandwood Code: int var21 = 1; ], [ task23, type: Put, scope: task0, input [var13, var21, var20], output [var22], Sandwood Code: documents[var21] = document; ], [ task25, type: Constant Double, scope: task0, input [], output [var23], Sandwood Code: double var23 = 0.1; ], [ task26, type: Array Constructor, scope: task0, input [var1], output [var24], Sandwood Code: double[] alpha = new double[noTopics]; ], [ task27, type: Constant Int, scope: task0, input [], output [var25], Sandwood Code: int var25 = 0; ], [ task28, type: Constant Int, scope: task0, input [], output [var26], Sandwood Code: int var26 = 1; ], [ task29, type: Parallel for, scope: task0, input [var25, var1, var26], output [var27], Sandwood Code: for(int var27=var25; var27 < noTopics; var27 += var26) { ], [ task30, type: Put, scope: task29, input [var24, var27, var23], output [var28], Sandwood Code: alpha[var27] = var23; ], [ task31, type: Constant Double, scope: task0, input [], output [var29], Sandwood Code: double var29 = 0.1; ], [ task32, type: Array Constructor, scope: task0, input [var2], output [var30], Sandwood Code: double[] beta = new double[noTopics]; ], [ task33, type: Constant Int, scope: task0, input [], output [var31], Sandwood Code: int var31 = 0; ], [ task34, type: Constant Int, scope: task0, input [], output [var32], Sandwood Code: int var32 = 1; ], [ task35, type: Parallel for, scope: task0, input [var31, var2, var32], output [var33], Sandwood Code: for(int var33=var31; var33 < noTopics; var33 += var32) { ], [ task36, type: Put, scope: task35, input [var30, var33, var29], output [var34], Sandwood Code: beta[var33] = var29; ], [ task37, type: Dirichlet, scope: task0, input [var34], output [var35], Sandwood Code: Dirichlet var35 = new Dirichlet(beta); ], [ task38, type: Array Constructor, scope: task0, input [var1], output [var36], Sandwood Code: double[][] phi = new double[noTopics][]; ], [ task39, type: Constant Int, scope: task0, input [], output [var37], Sandwood Code: int var37 = 0; ], [ task40, type: Constant Int, scope: task0, input [], output [var38], Sandwood Code: int var38 = 1; ], [ task41, type: Parallel for, scope: task0, input [var37, var1, var38], output [var39], Sandwood Code: for(int var39=var37; var39 < noTopics; var39 += var38) { ], [ task42, type: Sample, scope: task41, input [var35], output [var40], Sandwood Code: double[] var40 = var35.sample(); ], [ task43, type: Put, scope: task41, input [var36, var39, var40], output [var41], Sandwood Code: phi[var39] = var40; ], [ task45, type: Dirichlet, scope: task0, input [var28], output [var42], Sandwood Code: Dirichlet var42 = new Dirichlet(alpha); ], [ task46, type: Length, scope: task0, input [var22], output [var43], Sandwood Code: int var43 = documents.length; ], [ task47, type: Array Constructor, scope: task0, input [var43], output [var44], Sandwood Code: double[][] theta = new double[var43][]; ], [ task48, type: Constant Int, scope: task0, input [], output [var45], Sandwood Code: int var45 = 0; ], [ task49, type: Constant Int, scope: task0, input [], output [var46], Sandwood Code: int var46 = 1; ], [ task50, type: Parallel for, scope: task0, input [var45, var43, var46], output [var47], Sandwood Code: for(int var47=var45; var47 < var43; var47 += var46) { ], [ task51, type: Sample, scope: task50, input [var42], output [var48], Sandwood Code: double[] var48 = var42.sample(); ], [ task52, type: Put, scope: task50, input [var44, var47, var48], output [var49], Sandwood Code: theta[var47] = var48; ], [ task54, type: Length, scope: task0, input [var22], output [var50], Sandwood Code: int var50 = documents.length; ], [ task55, type: Array Constructor, scope: task0, input [var50], output [var51], Sandwood Code: int[][] w = new int[var50][]; ], [ task56, type: Constant Int, scope: task0, input [], output [var52], Sandwood Code: int var52 = 0; ], [ task57, type: Length, scope: task0, input [var22], output [var53], Sandwood Code: int var53 = documents.length; ], [ task58, type: Constant Int, scope: task0, input [], output [var54], Sandwood Code: int var54 = 1; ], [ task59, type: Parallel for, scope: task0, input [var52, var53, var54], output [var55], Sandwood Code: for(int i=var52; i < var53; i += var54) { ], [ task60, type: Get, scope: task59, input [var22, var55], output [var56], Sandwood Code: int[] var56 = documents[i]; ], [ task61, type: Length, scope: task59, input [var56], output [var57], Sandwood Code: int var57 = var56.length; ], [ task62, type: Array Constructor, scope: task59, input [var57], output [var58], Sandwood Code: int[] t = new int[var57]; ], [ task63, type: Constant Int, scope: task59, input [], output [var59], Sandwood Code: int var59 = 0; ], [ task64, type: Get, scope: task59, input [var22, var55], output [var60], Sandwood Code: int[] var60 = documents[i]; ], [ task65, type: Length, scope: task59, input [var60], output [var61], Sandwood Code: int var61 = var60.length; ], [ task66, type: Constant Int, scope: task59, input [], output [var62], Sandwood Code: int var62 = 1; ], [ task67, type: Parallel for, scope: task59, input [var59, var61, var62], output [var63], Sandwood Code: for(int j=var59; j < var61; j += var62) { ], [ task68, type: Get, scope: task67, input [var49, var55], output [var64], Sandwood Code: double[] var64 = theta[i]; ], [ task69, type: Categorical, scope: task67, input [var64], output [var65], Sandwood Code: Categorical var65 = new Categorical(var64); ], [ task70, type: Sample, scope: task67, input [var65], output [var66], Sandwood Code: int z = var65.sample(); ], [ task71, type: Get, scope: task67, input [var41, var66], output [var67], Sandwood Code: double[] var67 = phi[z]; ], [ task72, type: Categorical, scope: task67, input [var67], output [var68], Sandwood Code: Categorical var68 = new Categorical(var67); ], [ task73, type: Sample, scope: task67, input [var68], output [var69], Sandwood Code: int var69 = var68.sample(); ], [ task74, type: Put, scope: task67, input [var58, var63, var69], output [var70], Sandwood Code: t[j] = var69; ], [ task75, type: Put, scope: task59, input [var51, var55, var70], output [var71], Sandwood Code: w[i] = t; ], [ task77, type: Observation variable, scope: task0, input [var71, var22], output [], Sandwood Code: w.observe(documents); ], Variables: [ var1, type: int, handle var1, parent: task1, alias: noTopics, comment: null, scope: task0 ], [ var2, type: int, handle var2, parent: task2, alias: noTopics, comment: null, scope: task0 ], [ var3, type: int, handle var3, parent: task3, alias: null, comment: null, scope: task0 ], [ var4, type: int[][], handle var4, parent: task4, alias: documents, comment: null, scope: task0 ], [ var5, type: int, handle var5, parent: task5, alias: null, comment: null, scope: task0 ], [ var6, type: int, handle var6, parent: task6, alias: null, comment: null, scope: task0 ], [ var7, type: int[], handle var7, parent: task7, alias: document, comment: null, scope: task0 ], [ var8, type: int, handle var8, parent: task8, alias: null, comment: null, scope: task0 ], [ var9, type: int, handle var9, parent: task9, alias: null, comment: null, scope: task0 ], [ var10, type: int, handle var10, parent: task10, alias: null, comment: null, scope: task10 ], [ var11, type: int[], handle var7, parent: task11, alias: null, comment: null, scope: task0 ], [ var12, type: int, handle var12, parent: task12, alias: null, comment: null, scope: task0 ], [ var13, type: int[][], handle var4, parent: task13, alias: documents, comment: null, scope: task0 ], [ var14, type: int, handle var14, parent: task15, alias: null, comment: null, scope: task0 ], [ var15, type: int, handle var15, parent: task16, alias: null, comment: null, scope: task0 ], [ var16, type: int[], handle var16, parent: task17, alias: document, comment: null, scope: task0 ], [ var17, type: int, handle var17, parent: task18, alias: null, comment: null, scope: task0 ], [ var18, type: int, handle var18, parent: task19, alias: null, comment: null, scope: task0 ], [ var19, type: int, handle var19, parent: task20, alias: null, comment: null, scope: task20 ], [ var20, type: int[], handle var16, parent: task21, alias: null, comment: null, scope: task0 ], [ var21, type: int, handle var21, parent: task22, alias: null, comment: null, scope: task0 ], [ var22, type: int[][], handle var4, parent: task23, alias: documents, comment: null, scope: task0 ], [ var23, type: double, handle var23, parent: task25, alias: null, comment: null, scope: task0 ], [ var24, type: double[], handle var24, parent: task26, alias: alpha, comment: null, scope: task0 ], [ var25, type: int, handle var25, parent: task27, alias: null, comment: null, scope: task0 ], [ var26, type: int, handle var26, parent: task28, alias: null, comment: null, scope: task0 ], [ var27, type: int, handle var27, parent: task29, alias: null, comment: null, scope: task29 ], [ var28, type: double[], handle var24, parent: task30, alias: null, comment: null, scope: task0 ], [ var29, type: double, handle var29, parent: task31, alias: null, comment: null, scope: task0 ], [ var30, type: double[], handle var30, parent: task32, alias: beta, comment: null, scope: task0 ], [ var31, type: int, handle var31, parent: task33, alias: null, comment: null, scope: task0 ], [ var32, type: int, handle var32, parent: task34, alias: null, comment: null, scope: task0 ], [ var33, type: int, handle var33, parent: task35, alias: null, comment: null, scope: task35 ], [ var34, type: double[], handle var30, parent: task36, alias: null, comment: null, scope: task0 ], [ var35, type: Dirichlet, handle var35, parent: task37, alias: null, comment: null, scope: task0 ], [ var36, type: double[][], handle var36, parent: task38, alias: phi, comment: null, scope: task0 ], [ var37, type: int, handle var37, parent: task39, alias: null, comment: null, scope: task0 ], [ var38, type: int, handle var38, parent: task40, alias: null, comment: null, scope: task0 ], [ var39, type: int, handle var39, parent: task41, alias: null, comment: null, scope: task41 ], [ var40, type: double[], handle var40, parent: task42, alias: null, comment: null, scope: task41 ], [ var41, type: double[][], handle var36, parent: task43, alias: null, comment: null, scope: task0 ], [ var42, type: Dirichlet, handle var42, parent: task45, alias: null, comment: null, scope: task0 ], [ var43, type: int, handle var43, parent: task46, alias: null, comment: null, scope: task0 ], [ var44, type: double[][], handle var44, parent: task47, alias: theta, comment: null, scope: task0 ], [ var45, type: int, handle var45, parent: task48, alias: null, comment: null, scope: task0 ], [ var46, type: int, handle var46, parent: task49, alias: null, comment: null, scope: task0 ], [ var47, type: int, handle var47, parent: task50, alias: null, comment: null, scope: task50 ], [ var48, type: double[], handle var48, parent: task51, alias: null, comment: null, scope: task50 ], [ var49, type: double[][], handle var44, parent: task52, alias: null, comment: null, scope: task0 ], [ var50, type: int, handle var50, parent: task54, alias: null, comment: null, scope: task0 ], [ var51, type: int[][], handle var51, parent: task55, alias: w, comment: null, scope: task0, constraint: var77 ], [ var52, type: int, handle var52, parent: task56, alias: null, comment: null, scope: task0 ], [ var53, type: int, handle var53, parent: task57, alias: null, comment: null, scope: task0 ], [ var54, type: int, handle var54, parent: task58, alias: null, comment: null, scope: task0 ], [ var55, type: int, handle var55, parent: task59, alias: i, comment: null, scope: task59 ], [ var56, type: int[], handle var56, parent: task60, alias: null, comment: null, scope: task59 ], [ var57, type: int, handle var57, parent: task61, alias: null, comment: null, scope: task59 ], [ var58, type: int[], handle var58, parent: task62, alias: t, comment: null, scope: task59 ], [ var59, type: int, handle var59, parent: task63, alias: null, comment: null, scope: task59 ], [ var60, type: int[], handle var60, parent: task64, alias: null, comment: null, scope: task59 ], [ var61, type: int, handle var61, parent: task65, alias: null, comment: null, scope: task59 ], [ var62, type: int, handle var62, parent: task66, alias: null, comment: null, scope: task59 ], [ var63, type: int, handle var63, parent: task67, alias: j, comment: null, scope: task67 ], [ var64, type: double[], handle var64, parent: task68, alias: null, comment: null, scope: task67 ], [ var65, type: Categorical, handle var65, parent: task69, alias: null, comment: null, scope: task67 ], [ var66, type: int, handle var66, parent: task70, alias: z, comment: null, scope: task67 ], [ var67, type: double[], handle var67, parent: task71, alias: null, comment: null, scope: task67 ], [ var68, type: Categorical, handle var68, parent: task72, alias: null, comment: null, scope: task67 ], [ var69, type: int, handle var69, parent: task73, alias: null, comment: null, scope: task67 ], [ var70, type: int[], handle var58, parent: task74, alias: t, comment: null, scope: task59 ], [ var71, type: int[][], handle var51, parent: task75, alias: w, comment: null, scope: task0 ], 