import org.sandwood.runtime.internal.numericTools.Conjugates;
import org.sandwood.runtime.internal.numericTools.DistributionSampling;
import org.sandwood.runtime.model.ExecutionTarget;

class ClassName$SingleThreadCPU extends org.sandwood.runtime.internal.model.CoreModelSingleThreadCPU implements ClassName$CoreInterface {
	
	// Declare the variables for the model.
	private double[] bias;
	private int coins;
	private boolean fixedFlag$sample16 = false;
	private boolean fixedFlag$sample47 = false;
	private boolean fixedFlag$sample58 = false;
	private boolean fixedProbFlag$sample16 = false;
	private boolean fixedProbFlag$sample47 = false;
	private boolean fixedProbFlag$sample58 = false;
	private boolean[][][] flips;
	private boolean[][][] flipsMeasured;
	private int[][] length$flipsMeasured;
	private double logProbability$$evidence;
	private double logProbability$$model;
	private double[] logProbability$bernoulli;
	private double logProbability$bias;
	private double logProbability$flips;
	private double[] logProbability$sample16;
	private double[] logProbability$sample47;
	private double[] logProbability$sample58;
	private double[] logProbability$var13;
	private boolean setFlag$bias = false;
	private boolean setFlag$flips = false;
	private boolean system$gibbsForward = true;

	public ClassName$SingleThreadCPU(ExecutionTarget target) {
		super(target);
	}

	// Getter for a.
	@Override
	public final double get$a() {
		return 1.0;
	}

	// Getter for b.
	@Override
	public final double get$b() {
		return 1.0;
	}

	// Getter for bias.
	@Override
	public final double[] get$bias() {
		return bias;
	}

	// Setter for bias.
	@Override
	public final void set$bias(double[] cv$value) {
		// Set flags for all the side effects of bias including if probabilities need to be
		// updated.
		// Set bias with flag to mark that it has been set so another array doesn't need to
		// be constructed
		bias = cv$value;
		setFlag$bias = true;
		
		// Unset the fixed probability flag for sample 16 as it depends on bias.
		fixedProbFlag$sample16 = false;
		
		// Unset the fixed probability flag for sample 47 as it depends on bias.
		fixedProbFlag$sample47 = false;
		
		// Unset the fixed probability flag for sample 58 as it depends on bias.
		fixedProbFlag$sample58 = false;
	}

	// Getter for coins.
	@Override
	public final int get$coins() {
		return coins;
	}

	// Getter for fixedFlag$sample16.
	@Override
	public final boolean get$fixedFlag$sample16() {
		return fixedFlag$sample16;
	}

	// Setter for fixedFlag$sample16.
	@Override
	public final void set$fixedFlag$sample16(boolean cv$value) {
		// Set flags for all the side effects of fixedFlag$sample16 including if probabilities
		// need to be updated.
		fixedFlag$sample16 = cv$value;
		
		// Should the probability of sample 16 be set to fixed. This will only every change
		// the flag to false.
		// 
		// Substituted "fixedFlag$sample16" with its value "cv$value".
		fixedProbFlag$sample16 = (cv$value && fixedProbFlag$sample16);
		
		// Should the probability of sample 47 be set to fixed. This will only every change
		// the flag to false.
		// 
		// Substituted "fixedFlag$sample16" with its value "cv$value".
		fixedProbFlag$sample47 = (cv$value && fixedProbFlag$sample47);
		
		// Should the probability of sample 58 be set to fixed. This will only every change
		// the flag to false.
		// 
		// Substituted "fixedFlag$sample16" with its value "cv$value".
		fixedProbFlag$sample58 = (cv$value && fixedProbFlag$sample58);
	}

	// Getter for fixedFlag$sample47.
	@Override
	public final boolean get$fixedFlag$sample47() {
		return fixedFlag$sample47;
	}

	// Setter for fixedFlag$sample47.
	@Override
	public final void set$fixedFlag$sample47(boolean cv$value) {
		// Set flags for all the side effects of fixedFlag$sample47 including if probabilities
		// need to be updated.
		fixedFlag$sample47 = cv$value;
		
		// Should the probability of sample 47 be set to fixed. This will only every change
		// the flag to false.
		// 
		// Substituted "fixedFlag$sample47" with its value "cv$value".
		fixedProbFlag$sample47 = (cv$value && fixedProbFlag$sample47);
	}

	// Getter for fixedFlag$sample58.
	@Override
	public final boolean get$fixedFlag$sample58() {
		return fixedFlag$sample58;
	}

	// Setter for fixedFlag$sample58.
	@Override
	public final void set$fixedFlag$sample58(boolean cv$value) {
		// Set flags for all the side effects of fixedFlag$sample58 including if probabilities
		// need to be updated.
		fixedFlag$sample58 = cv$value;
		
		// Should the probability of sample 58 be set to fixed. This will only every change
		// the flag to false.
		// 
		// Substituted "fixedFlag$sample58" with its value "cv$value".
		fixedProbFlag$sample58 = (cv$value && fixedProbFlag$sample58);
	}

	// Getter for flips.
	@Override
	public final boolean[][][] get$flips() {
		return flips;
	}

	// Setter for flips.
	@Override
	public final void set$flips(boolean[][][] cv$value) {
		// Set flags for all the side effects of flips including if probabilities need to
		// be updated.
		// Set flips with flag to mark that it has been set so another array doesn't need
		// to be constructed
		flips = cv$value;
		setFlag$flips = true;
		
		// Unset the fixed probability flag for sample 47 as it depends on flips.
		fixedProbFlag$sample47 = false;
		
		// Unset the fixed probability flag for sample 58 as it depends on flips.
		fixedProbFlag$sample58 = false;
	}

	// Getter for flipsMeasured.
	@Override
	public final boolean[][][] get$flipsMeasured() {
		return flipsMeasured;
	}

	// Setter for flipsMeasured.
	@Override
	public final void set$flipsMeasured(boolean[][][] cv$value) {
		// Set flipsMeasured with flag to mark that it has been set so another array doesn't
		// need to be constructed
		flipsMeasured = cv$value;
	}

	// Getter for length$flipsMeasured.
	@Override
	public final int[][] get$length$flipsMeasured() {
		return length$flipsMeasured;
	}

	// Setter for length$flipsMeasured.
	@Override
	public final void set$length$flipsMeasured(int[][] cv$value) {
		// Set length$flipsMeasured with flag to mark that it has been set so another array
		// doesn't need to be constructed
		length$flipsMeasured = cv$value;
	}

	// Getter for logProbability$$evidence.
	@Override
	public final double get$logProbability$$evidence() {
		return logProbability$$evidence;
	}

	// Getter for the probability of logProbability$$model.
	@Override
	public final double getCurrentLogProbability() {
		return logProbability$$model;
	}

	// Getter for logProbability$bernoulli.
	@Override
	public final double[] get$logProbability$bernoulli() {
		return logProbability$bernoulli;
	}

	// Getter for logProbability$bias.
	@Override
	public final double get$logProbability$bias() {
		return logProbability$bias;
	}

	// Getter for logProbability$flips.
	@Override
	public final double get$logProbability$flips() {
		return logProbability$flips;
	}

	// Calculate the probability of the samples represented by sample16 using sampled
	// values.
	private final void logProbabilityValue$sample16() {
		// Determine if we need to calculate the values for sample task 16 or if we should
		// just use cached values.
		if(!fixedProbFlag$sample16) {
			// Generating probabilities for sample task
			// Accumulator for probabilities of instances of the random variable
			double cv$accumulator = 0.0;
			for(int var12 = 0; var12 < coins; var12 += 1) {
				// Variable declaration of cv$distributionAccumulator moved.
				// Declaration comment was:
				// Variable declaration of cv$distributionAccumulator moved.
				// Declaration comment was:
				// An accumulator for log probabilities.
				// 
				// Store the value of the function call, so the function call is only made once.
				// 
				// The sample value to calculate the probability of generating
				// 
				// Scale the probability relative to the observed distribution space.
				// 
				// Add the probability of this distribution configuration to the accumulator.
				// 
				// An accumulator for the distributed probability space covered.
				// 
				// Variable declaration of cv$distributionAccumulator moved.
				// Declaration comment was:
				// An accumulator for log probabilities.
				// 
				// Store the value of the function call, so the function call is only made once.
				// 
				// The sample value to calculate the probability of generating
				double cv$distributionAccumulator = DistributionSampling.logProbabilityBeta(bias[var12], 1.0, 1.0);
				
				// Add the probability of this instance of the random variable to the probability
				// of all instances of the random variable.
				// 
				// Add the probability of this sample task to the sample task accumulator.
				// 
				// Accumulator for sample probabilities for a specific instance of the random variable.
				cv$accumulator = (cv$accumulator + cv$distributionAccumulator);
				
				// Add the probability of this sample task to the sample task accumulator.
				// 
				// Accumulator for sample probabilities for a specific instance of the random variable.
				logProbability$var13[var12] = cv$distributionAccumulator;
				
				// Store the sample task probability
				logProbability$sample16[var12] = cv$distributionAccumulator;
			}
			
			// Update the variable probability
			logProbability$bias = (logProbability$bias + cv$accumulator);
			
			// Add probability to model
			logProbability$$model = (logProbability$$model + cv$accumulator);
			
			// If this value is fixed, add it to the probability of this model producing the fixed
			// values
			if(fixedFlag$sample16)
				logProbability$$evidence = (logProbability$$evidence + cv$accumulator);
			
			// Now the probability is calculated store if it can be cached or if it needs to be
			// recalculated next time.
			fixedProbFlag$sample16 = fixedFlag$sample16;
		}
		// Using cached values.
		else {
			// Updating random variable and model probabilities using cached probabilities for
			// this sample
			double cv$accumulator = 0.0;
			for(int var12 = 0; var12 < coins; var12 += 1) {
				// Variable declaration of cv$rvAccumulator moved.
				double cv$rvAccumulator = logProbability$sample16[var12];
				cv$accumulator = (cv$accumulator + cv$rvAccumulator);
				logProbability$var13[var12] = cv$rvAccumulator;
			}
			
			// Update the variable probability
			logProbability$bias = (logProbability$bias + cv$accumulator);
			
			// Add probability to model
			logProbability$$model = (logProbability$$model + cv$accumulator);
			
			// If this value is fixed, add it to the probability of this model producing the fixed
			// values
			if(fixedFlag$sample16)
				logProbability$$evidence = (logProbability$$evidence + cv$accumulator);
		}
	}

	// Calculate the probability of the samples represented by sample47 using sampled
	// values.
	private final void logProbabilityValue$sample47() {
		// Determine if we need to calculate the values for sample task 47 or if we should
		// just use cached values.
		if(!fixedProbFlag$sample47) {
			// Generating probabilities for sample task
			// Accumulator for probabilities of instances of the random variable
			double cv$accumulator = 0.0;
			for(int j = 0; j < coins; j += 1) {
				// Accumulator for sample probabilities for a specific instance of the random variable.
				double cv$sampleAccumulator = 0.0;
				for(int var41 = 0; var41 < length$flipsMeasured[j][0]; var41 += 1)
					// Add the probability of this sample task to the sample task accumulator.
					// 
					// Scale the probability relative to the observed distribution space.
					// 
					// Add the probability of this distribution configuration to the accumulator.
					// 
					// An accumulator for the distributed probability space covered.
					// 
					// Variable declaration of cv$distributionAccumulator moved.
					// Declaration comment was:
					// An accumulator for log probabilities.
					// 
					// Store the value of the function call, so the function call is only made once.
					// 
					// The sample value to calculate the probability of generating
					cv$sampleAccumulator = (cv$sampleAccumulator + DistributionSampling.logProbabilityBernoulli(flips[j][0][var41], bias[j]));
				
				// Add the probability of this instance of the random variable to the probability
				// of all instances of the random variable.
				cv$accumulator = (cv$accumulator + cv$sampleAccumulator);
				logProbability$bernoulli[j] = (logProbability$bernoulli[j] + cv$sampleAccumulator);
				
				// Store the random variable instance probability
				logProbability$sample47[j] = cv$sampleAccumulator;
			}
			
			// Update the variable probability
			logProbability$flips = (logProbability$flips + cv$accumulator);
			
			// Add probability to model
			logProbability$$model = (logProbability$$model + cv$accumulator);
			logProbability$$evidence = (logProbability$$evidence + cv$accumulator);
			
			// Now the probability is calculated store if it can be cached or if it needs to be
			// recalculated next time.
			fixedProbFlag$sample47 = (fixedFlag$sample47 && fixedFlag$sample16);
		}
		// Using cached values.
		else {
			// Updating random variable and model probabilities using cached probabilities for
			// this sample
			double cv$accumulator = 0.0;
			for(int j = 0; j < coins; j += 1) {
				// Variable declaration of cv$rvAccumulator moved.
				double cv$rvAccumulator = logProbability$sample47[j];
				cv$accumulator = (cv$accumulator + cv$rvAccumulator);
				logProbability$bernoulli[j] = (logProbability$bernoulli[j] + cv$rvAccumulator);
			}
			
			// Update the variable probability
			logProbability$flips = (logProbability$flips + cv$accumulator);
			
			// Add probability to model
			logProbability$$model = (logProbability$$model + cv$accumulator);
			logProbability$$evidence = (logProbability$$evidence + cv$accumulator);
		}
	}

	// Calculate the probability of the samples represented by sample58 using sampled
	// values.
	private final void logProbabilityValue$sample58() {
		// Determine if we need to calculate the values for sample task 58 or if we should
		// just use cached values.
		if(!fixedProbFlag$sample58) {
			// Generating probabilities for sample task
			// Accumulator for probabilities of instances of the random variable
			double cv$accumulator = 0.0;
			for(int j = 0; j < coins; j += 1) {
				// Accumulator for sample probabilities for a specific instance of the random variable.
				double cv$sampleAccumulator = 0.0;
				for(int var51 = 0; var51 < length$flipsMeasured[j][1]; var51 += 1)
					// Add the probability of this sample task to the sample task accumulator.
					// 
					// Scale the probability relative to the observed distribution space.
					// 
					// Add the probability of this distribution configuration to the accumulator.
					// 
					// An accumulator for the distributed probability space covered.
					// 
					// Variable declaration of cv$distributionAccumulator moved.
					// Declaration comment was:
					// An accumulator for log probabilities.
					// 
					// Store the value of the function call, so the function call is only made once.
					// 
					// The sample value to calculate the probability of generating
					cv$sampleAccumulator = (cv$sampleAccumulator + DistributionSampling.logProbabilityBernoulli(flips[j][1][var51], bias[j]));
				
				// Add the probability of this instance of the random variable to the probability
				// of all instances of the random variable.
				cv$accumulator = (cv$accumulator + cv$sampleAccumulator);
				logProbability$bernoulli[j] = (logProbability$bernoulli[j] + cv$sampleAccumulator);
				
				// Store the random variable instance probability
				logProbability$sample58[j] = cv$sampleAccumulator;
			}
			
			// Update the variable probability
			logProbability$flips = (logProbability$flips + cv$accumulator);
			
			// Add probability to model
			logProbability$$model = (logProbability$$model + cv$accumulator);
			logProbability$$evidence = (logProbability$$evidence + cv$accumulator);
			
			// Now the probability is calculated store if it can be cached or if it needs to be
			// recalculated next time.
			fixedProbFlag$sample58 = (fixedFlag$sample58 && fixedFlag$sample16);
		}
		// Using cached values.
		else {
			// Updating random variable and model probabilities using cached probabilities for
			// this sample
			double cv$accumulator = 0.0;
			for(int j = 0; j < coins; j += 1) {
				// Variable declaration of cv$rvAccumulator moved.
				double cv$rvAccumulator = logProbability$sample58[j];
				cv$accumulator = (cv$accumulator + cv$rvAccumulator);
				logProbability$bernoulli[j] = (logProbability$bernoulli[j] + cv$rvAccumulator);
			}
			
			// Update the variable probability
			logProbability$flips = (logProbability$flips + cv$accumulator);
			
			// Add probability to model
			logProbability$$model = (logProbability$$model + cv$accumulator);
			logProbability$$evidence = (logProbability$$evidence + cv$accumulator);
		}
	}

	// Method to perform the inference steps to calculate new values for the samples generated
	// by sample task 16 drawn from Beta 13. Inference was performed using a Beta to Bernoulli/Binomial
	// conjugate prior.
	private final void sample16(int var12) {
		// Local variable to record the number of true samples.
		int cv$sum = 0;
		
		// Local variable to record the number of samples.
		int cv$count = 0;
		
		// Processing sample task 47 of consumer random variable bernoulli.
		// 
		// Substituted "j" with its value "var12".
		for(int var41 = 0; var41 < length$flipsMeasured[var12][0]; var41 += 1) {
			// Include the value sampled by task 47 from random variable bernoulli.
			// Increment the number of samples.
			cv$count = (cv$count + 1);
			
			// If the sample value was positive increase the count
			// 
			// Substituted "j" with its value "var12".
			if(flips[var12][0][var41])
				cv$sum = (cv$sum + 1);
		}
		
		// Processing sample task 58 of consumer random variable bernoulli.
		// 
		// Substituted "j" with its value "var12".
		for(int var51 = 0; var51 < length$flipsMeasured[var12][1]; var51 += 1) {
			// Include the value sampled by task 58 from random variable bernoulli.
			// Increment the number of samples.
			cv$count = (cv$count + 1);
			
			// If the sample value was positive increase the count
			// 
			// Substituted "j" with its value "var12".
			if(flips[var12][1][var51])
				cv$sum = (cv$sum + 1);
		}
		
		// Write out the value of the sample to a temporary variable prior to updating the
		// intermediate variables.
		bias[var12] = Conjugates.sampleConjugateBetaBinomial(RNG$, 1.0, 1.0, cv$sum, cv$count);
	}

	// Method to allocate space temporary variables used by the inference methods. Allocating
	// here prevents repeated allocation and deallocation, and makes the code more amenable
	// to GPU execution.
	@Override
	public final void allocateScratch() {}

	// Method to allocate space for model inputs and outputs.
	@Override
	public final void allocator() {
		// If bias has not been set already allocate space.
		if(!setFlag$bias)
			// Constructor for bias
			bias = new double[length$flipsMeasured.length];
		
		// If flips has not been set already allocate space.
		if(!setFlag$flips) {
			// Constructor for flips
			flips = new boolean[length$flipsMeasured.length][][];
			for(int j = 0; j < length$flipsMeasured.length; j += 1) {
				boolean[][] subarray$0 = new boolean[2][];
				flips[j] = subarray$0;
				subarray$0[0] = new boolean[length$flipsMeasured[j][0]];
				subarray$0[1] = new boolean[length$flipsMeasured[j][1]];
			}
		}
		
		// Constructor for logProbability$var13
		logProbability$var13 = new double[length$flipsMeasured.length];
		
		// Constructor for logProbability$sample16
		logProbability$sample16 = new double[length$flipsMeasured.length];
		
		// Constructor for logProbability$bernoulli
		logProbability$bernoulli = new double[length$flipsMeasured.length];
		
		// Constructor for logProbability$sample47
		logProbability$sample47 = new double[length$flipsMeasured.length];
		
		// Constructor for logProbability$sample58
		logProbability$sample58 = new double[length$flipsMeasured.length];
	}

	// Method to execute the model code conventionally.
	@Override
	public final void forwardGeneration() {
		// Constraints moved from conditionals in inner loops/scopes/etc.
		if(!fixedFlag$sample16) {
			for(int var12 = 0; var12 < coins; var12 += 1)
				bias[var12] = DistributionSampling.sampleBeta(RNG$, 1.0, 1.0);
		}
		for(int j = 0; j < coins; j += 1) {
			// Constraints moved from conditionals in inner loops/scopes/etc.
			if(!fixedFlag$sample47) {
				boolean[] var38 = flips[j][0];
				for(int var41 = 0; var41 < length$flipsMeasured[j][0]; var41 += 1)
					var38[var41] = DistributionSampling.sampleBernoulli(RNG$, bias[j]);
			}
			
			// Constraints moved from conditionals in inner loops/scopes/etc.
			if(!fixedFlag$sample58) {
				boolean[] var48 = flips[j][1];
				for(int var51 = 0; var51 < length$flipsMeasured[j][1]; var51 += 1)
					var48[var51] = DistributionSampling.sampleBernoulli(RNG$, bias[j]);
			}
		}
	}

	// Method to execute the model code conventionally, excluding the elements that generate
	// observed values. Distributions are calculated and stored.
	@Override
	public final void forwardGenerationDistributionsNoOutputs() {
		// Constraints moved from conditionals in inner loops/scopes/etc.
		if(!fixedFlag$sample16) {
			for(int var12 = 0; var12 < coins; var12 += 1)
				bias[var12] = DistributionSampling.sampleBeta(RNG$, 1.0, 1.0);
		}
	}

	// Method to execute the model code conventionally, excluding the elements that generate
	// observed values. Distributions are collapsed to single values.
	@Override
	public final void forwardGenerationValuesNoOutputs() {
		// Constraints moved from conditionals in inner loops/scopes/etc.
		if(!fixedFlag$sample16) {
			for(int var12 = 0; var12 < coins; var12 += 1)
				bias[var12] = DistributionSampling.sampleBeta(RNG$, 1.0, 1.0);
		}
	}

	// Method to execute one round of Gibbs sampling.
	@Override
	public final void gibbsRound() {
		// Infer the samples in chronological order.
		if(!fixedFlag$sample16) {
			// Infer the samples in chronological order.
			if(system$gibbsForward) {
				for(int var12 = 0; var12 < coins; var12 += 1)
					sample16(var12);
			}
			// Infer the samples in reverse chronological order.
			else {
				for(int var12 = (coins - 1); var12 >= 0; var12 -= 1)
					sample16(var12);
			}
		}
		
		// Reverse the direction of execution for the next iteration
		system$gibbsForward = !system$gibbsForward;
	}

	// Method for initialising the model into a valid state before commencing inference
	// etc.
	@Override
	public final void initializeConstants() {
		coins = length$flipsMeasured.length;
	}

	// A method to initialize all the probabilities in the model to 0/Log(1) ready for
	// the current probabilities to be calculated by calculating the probability of each
	// sample task, and its effect on the rest of the model.
	private final void initializeLogProbabilityFields() {
		// Set the probabilities of the random variable, and the model as a whole to ready
		// them to be reconstructed by the probability calls for each sample. Sample probabilities
		// are only reset for samples that are not fixed at a value that has already been
		// calculated.
		logProbability$$model = 0.0;
		logProbability$$evidence = 0.0;
		for(int var12 = 0; var12 < coins; var12 += 1)
			logProbability$var13[var12] = 0.0;
		logProbability$bias = 0.0;
		if(!fixedProbFlag$sample16) {
			for(int var12 = 0; var12 < coins; var12 += 1)
				logProbability$sample16[var12] = 0.0;
		}
		for(int j = 0; j < coins; j += 1)
			logProbability$bernoulli[j] = 0.0;
		logProbability$flips = 0.0;
		if(!fixedProbFlag$sample47) {
			for(int j = 0; j < coins; j += 1)
				logProbability$sample47[j] = 0.0;
		}
		if(!fixedProbFlag$sample58) {
			for(int j = 0; j < coins; j += 1)
				logProbability$sample58[j] = 0.0;
		}
	}

	// Method to generate a new random state for the model excluding any fixed values
	// and then calculate its probability.
	@Override
	public final void logEvidenceGeneration() {
		// Generate values for all the samples in the model that were not fixed or observed.
		forwardGenerationValuesNoOutputs();
		
		// Calculate the probability for the resulting model.
		logEvidenceProbabilities();
	}

	// Construct the evidence probabilities.
	private final void logEvidenceProbabilities() {
		// Reset all the non-fixed probabilities ready to calculate the new values.
		initializeLogProbabilityFields();
		
		// Call each method in turn to generate the new probability values.
		if(fixedFlag$sample16)
			logProbabilityValue$sample16();
		logProbabilityValue$sample47();
		logProbabilityValue$sample58();
	}

	// Method to calculate the probabilities of all the samples in the model including
	// those generating fixed data. In the process probabilities for all the random variables
	// and for the model as a whole will be calculated. This model uses distributions
	// when possible.
	@Override
	public final void logModelProbabilitiesDist() {
		// Reset all the non-fixed probabilities ready to calculate the new values.
		initializeLogProbabilityFields();
		
		// Calculate the probabilities for each sample task in the model, generating probabilities
		// for the random variables and whole model in the process using distributions where
		// appropriate.
		// 
		// Calculate the probabilities for each sample task in the model, generating probabilities
		// for the random variables and whole model in the process using values only.
		logProbabilityValue$sample16();
		logProbabilityValue$sample47();
		logProbabilityValue$sample58();
	}

	// Method to calculate the probabilities of all the samples in the model including
	// those generating fixed data. In the process probabilities for all the random variables
	// and for the model as a whole will be calculated. This model only uses values.
	@Override
	public final void logModelProbabilitiesVal() {
		// Reset all the non-fixed probabilities ready to calculate the new values.
		initializeLogProbabilityFields();
		
		// Calculate the probabilities for each sample task in the model, generating probabilities
		// for the random variables and whole model in the process using distributions where
		// appropriate.
		// 
		// Calculate the probabilities for each sample task in the model, generating probabilities
		// for the random variables and whole model in the process using values only.
		logProbabilityValue$sample16();
		logProbabilityValue$sample47();
		logProbabilityValue$sample58();
	}

	// Method to generate a random state of the model including random outputs, and then
	// to calculate the probability of this random state.
	@Override
	public final void logProbabilityGeneration() {
		// Generate sample values for every call to sample in the model.
		// Constraints moved from conditionals in inner loops/scopes/etc.
		if(!fixedFlag$sample16) {
			for(int var12 = 0; var12 < coins; var12 += 1)
				bias[var12] = DistributionSampling.sampleBeta(RNG$, 1.0, 1.0);
		}
		
		// Calculate the probabilities for every sample task in the model. These values are
		// then used to calculate the probabilities of random variables and the model as a
		// whole.
		logModelProbabilitiesVal();
	}

	// Method to propagate observed values back into the model.
	@Override
	public final void propogateObservedValues() {
		// Propagating values back from observations into the models intermediate variables.
		// 
		// Deep copy between arrays
		int cv$length1 = flips.length;
		for(int cv$index1 = 0; cv$index1 < cv$length1; cv$index1 += 1) {
			boolean[][] cv$source2 = flipsMeasured[cv$index1];
			boolean[][] cv$target2 = flips[cv$index1];
			int cv$length2 = cv$target2.length;
			for(int cv$index2 = 0; cv$index2 < cv$length2; cv$index2 += 1) {
				boolean[] cv$source3 = cv$source2[cv$index2];
				boolean[] cv$target3 = cv$target2[cv$index2];
				int cv$length3 = cv$target3.length;
				for(int cv$index3 = 0; cv$index3 < cv$length3; cv$index3 += 1)
					cv$target3[cv$index3] = cv$source3[cv$index3];
			}
		}
	}

	// A method to set array values that depend on the output of a sample task, but are
	// not directly set by the sample task.
	@Override
	public final void setIntermediates() {}

	@Override
	public String modelCode() {
		return null;
	}
}