Tasks: [ task1, type: Constant Double, scope: task0, input [], output [var1], Sandwood Code: double l = 0.0; ], [ task2, type: Constant Double, scope: task0, input [], output [var2], Sandwood Code: double u = 10.0; ], [ task3, type: Constant Int, scope: task0, input [], output [var3], Sandwood Code: int n = 2; ], [ task4, type: Constant Int, scope: task0, input [], output [var4], Sandwood Code: int kInit = 7; ], [ task5, type: Array Constructor, scope: task0, input [var3], output [var5], Sandwood Code: double[][] xMeasured = new double[n][]; ], [ task6, type: Constant Double, scope: task0, input [], output [var6], Sandwood Code: double var6 = 1.0; ], [ task7, type: Array Constructor, scope: task0, input [var4], output [var7], Sandwood Code: double[] t = new double[kInit]; ], [ task8, type: Constant Int, scope: task0, input [], output [var8], Sandwood Code: int var8 = 0; ], [ task9, type: Constant Int, scope: task0, input [], output [var9], Sandwood Code: int var9 = 1; ], [ task10, type: Parallel for, scope: task0, input [var8, var4, var9], output [var10], Sandwood Code: for(int var10=var8; var10 < kInit; var10 += var9) { ], [ task11, type: Put, scope: task10, input [var7, var10, var6], output [var11], Sandwood Code: t[var10] = var6; ], [ task12, type: Constant Int, scope: task0, input [], output [var12], Sandwood Code: int var12 = 0; ], [ task13, type: Put, scope: task0, input [var5, var12, var11], output [var13], Sandwood Code: xMeasured[var12] = t; ], [ task15, type: Constant Double, scope: task0, input [], output [var14], Sandwood Code: double var14 = 4.0; ], [ task16, type: Array Constructor, scope: task0, input [var4], output [var15], Sandwood Code: double[] t = new double[kInit]; ], [ task17, type: Constant Int, scope: task0, input [], output [var16], Sandwood Code: int var16 = 0; ], [ task18, type: Constant Int, scope: task0, input [], output [var17], Sandwood Code: int var17 = 1; ], [ task19, type: Parallel for, scope: task0, input [var16, var4, var17], output [var18], Sandwood Code: for(int var18=var16; var18 < kInit; var18 += var17) { ], [ task20, type: Put, scope: task19, input [var15, var18, var14], output [var19], Sandwood Code: t[var18] = var14; ], [ task21, type: Constant Int, scope: task0, input [], output [var20], Sandwood Code: int var20 = 1; ], [ task22, type: Put, scope: task0, input [var13, var20, var19], output [var21], Sandwood Code: xMeasured[var20] = t; ], [ task24, type: Constant Double, scope: task0, input [], output [var22], Sandwood Code: double var22 = 3.5; ], [ task25, type: Array Constructor, scope: task0, input [var3], output [var23], Sandwood Code: double[] yMeasured = new double[n]; ], [ task26, type: Constant Int, scope: task0, input [], output [var24], Sandwood Code: int var24 = 0; ], [ task27, type: Constant Int, scope: task0, input [], output [var25], Sandwood Code: int var25 = 1; ], [ task28, type: Parallel for, scope: task0, input [var24, var3, var25], output [var26], Sandwood Code: for(int var26=var24; var26 < n; var26 += var25) { ], [ task29, type: Put, scope: task28, input [var23, var26, var22], output [var27], Sandwood Code: yMeasured[var26] = var22; ], [ task30, type: Constant Int, scope: task0, input [], output [var28], Sandwood Code: int var28 = 0; ], [ task31, type: Get, scope: task0, input [var21, var28], output [var29], Sandwood Code: double[] var29 = xMeasured[var28]; ], [ task32, type: Length, scope: task0, input [var29], output [var30], Sandwood Code: int k = var29.length; ], [ task33, type: Length, scope: task0, input [var21], output [var31], Sandwood Code: int var31 = xMeasured.length; ], [ task34, type: Array Constructor, scope: task0, input [var31], output [var32], Sandwood Code: double[] y = new double[var31]; ], [ task35, type: Length, scope: task0, input [var21], output [var33], Sandwood Code: int var33 = xMeasured.length; ], [ task36, type: Array Constructor, scope: task0, input [var33], output [var34], Sandwood Code: double[][] x = new double[var33][]; ], [ task37, type: Constant Double, scope: task0, input [], output [var35], Sandwood Code: double var35 = 0.0; ], [ task38, type: Constant Double, scope: task0, input [], output [var36], Sandwood Code: double var36 = 10.0; ], [ task39, type: Gaussian, scope: task0, input [var35, var36], output [var37], Sandwood Code: Gaussian var37 = new Gaussian(var35, var36); ], [ task40, type: Array Constructor, scope: task0, input [var30], output [var38], Sandwood Code: double[] weights = new double[k]; ], [ task41, type: Constant Int, scope: task0, input [], output [var39], Sandwood Code: int var39 = 0; ], [ task42, type: Constant Int, scope: task0, input [], output [var40], Sandwood Code: int var40 = 1; ], [ task43, type: Parallel for, scope: task0, input [var39, var30, var40], output [var41], Sandwood Code: for(int var41=var39; var41 < k; var41 += var40) { ], [ task44, type: Sample, scope: task43, input [var37], output [var42], Sandwood Code: double var42 = var37.sample(); ], [ task45, type: Put, scope: task43, input [var38, var41, var42], output [var43], Sandwood Code: weights[var41] = var42; ], [ task46, type: Constant Double, scope: task0, input [], output [var44], Sandwood Code: double var44 = 0.0; ], [ task47, type: Constant Double, scope: task0, input [], output [var45], Sandwood Code: double var45 = 10.0; ], [ task48, type: Gaussian, scope: task0, input [var44, var45], output [var46], Sandwood Code: Gaussian var46 = new Gaussian(var44, var45); ], [ task49, type: Sample, scope: task0, input [var46], output [var47], Sandwood Code: double bias = var46.sample(); ], [ task50, type: Constant Double, scope: task0, input [], output [var48], Sandwood Code: double var48 = 3.0; ], [ task51, type: Constant Double, scope: task0, input [], output [var49], Sandwood Code: double var49 = 1.0; ], [ task52, type: Inverse Gamma, scope: task0, input [var48, var49], output [var50], Sandwood Code: InverseGamma var50 = new Inverse Gamma(var48, var49); ], [ task53, type: Sample, scope: task0, input [var50], output [var51], Sandwood Code: double tau = var50.sample(); ], [ task54, type: Constant Int, scope: task0, input [], output [var52], Sandwood Code: int var52 = 0; ], [ task55, type: Length, scope: task0, input [var21], output [var53], Sandwood Code: int var53 = xMeasured.length; ], [ task56, type: Constant Int, scope: task0, input [], output [var54], Sandwood Code: int var54 = 1; ], [ task57, type: Parallel for, scope: task0, input [var52, var53, var54], output [var55], Sandwood Code: for(int i=var52; i < var53; i += var54) { ], [ task58, type: Uniform, scope: task57, input [var1, var2], output [var56], Sandwood Code: Uniform uniform = new Uniform(l, u); ], [ task59, type: Array Constructor, scope: task57, input [var30], output [var57], Sandwood Code: double[] var57 = new double[k]; ], [ task60, type: Constant Int, scope: task57, input [], output [var58], Sandwood Code: int var58 = 0; ], [ task61, type: Constant Int, scope: task57, input [], output [var59], Sandwood Code: int var59 = 1; ], [ task62, type: Parallel for, scope: task57, input [var58, var30, var59], output [var60], Sandwood Code: for(int var60=var58; var60 < k; var60 += var59) { ], [ task63, type: Sample, scope: task62, input [var56], output [var61], Sandwood Code: double var61 = uniform.sample(); ], [ task64, type: Put, scope: task62, input [var57, var60, var61], output [var62], Sandwood Code: var57[var60] = var61; ], [ task65, type: Put, scope: task57, input [var34, var55, var62], output [var63], Sandwood Code: x[i] = var57; ], [ task67, type: Constant Int, scope: task0, input [], output [var64], Sandwood Code: int var64 = 0; ], [ task68, type: Length, scope: task0, input [var21], output [var65], Sandwood Code: int var65 = xMeasured.length; ], [ task69, type: Constant Int, scope: task0, input [], output [var66], Sandwood Code: int var66 = 1; ], [ task70, type: Parallel for, scope: task0, input [var64, var65, var66], output [var67], Sandwood Code: for(int i=var64; i < var65; i += var66) { ], [ task71, type: Array Constructor, scope: task70, input [var30], output [var68], Sandwood Code: double[] phi = new double[k]; ], [ task72, type: Constant Int, scope: task70, input [], output [var69], Sandwood Code: int var69 = 0; ], [ task73, type: Constant Int, scope: task70, input [], output [var70], Sandwood Code: int var70 = 1; ], [ task74, type: Parallel for, scope: task70, input [var69, var30, var70], output [var71], Sandwood Code: for(int j=var69; j < k; j += var70) { ], [ task75, type: Get, scope: task74, input [var43, var71], output [var72], Sandwood Code: double var72 = weights[j]; ], [ task76, type: Get, scope: task74, input [var63, var67], output [var73], Sandwood Code: double[] var73 = x[i]; ], [ task77, type: Get, scope: task74, input [var73, var71], output [var74], Sandwood Code: double var74 = var73[j]; ], [ task78, type: Multiplication, scope: task74, input [var72, var74], output [var75], Sandwood Code: double var75 = var72 * var74; ], [ task79, type: Put, scope: task74, input [var68, var71, var75], output [var76], Sandwood Code: phi[j] = var75; ], [ task80, type: Constant Int, scope: task70, input [], output [var77], Sandwood Code: int var77 = 0; ], [ task81, type: Length, scope: task70, input [var76], output [var78], Sandwood Code: int var78 = phi.length; ], [ task82, type: Constant Double, scope: task70, input [], output [var79], Sandwood Code: double var79 = 0.0; ], [ task84, type: Reduce input, scope: task83, input [var77, var78, var79, var76], output [var80], Sandwood Code:  ], [ task85, type: Reduce input, scope: task83, input [var77, var78, var79, var76], output [var81], Sandwood Code:  ], [ task86, type: Addition, scope: task83, input [var80, var81], output [var82], Sandwood Code: double var82 = var80 + var81; ], [ task87, type: Reduce return task, scope: task70, input [var82], output [var83], Sandwood Code: return var82; ], [ task88, type: Addition, scope: task70, input [var83, var47], output [var84], Sandwood Code: double var84 = var83 + bias; ], [ task89, type: Gaussian, scope: task70, input [var84, var51], output [var85], Sandwood Code: Gaussian var85 = new Gaussian(var84, tau); ], [ task90, type: Sample, scope: task70, input [var85], output [var86], Sandwood Code: double var86 = var85.sample(); ], [ task91, type: Put, scope: task70, input [var32, var67, var86], output [var87], Sandwood Code: y[i] = var86; ], [ task92, type: Observation variable, scope: task0, input [var63, var21], output [], Sandwood Code: x.observe(xMeasured); ], [ task93, type: Observation variable, scope: task0, input [var87, var27], output [], Sandwood Code: y.observe(yMeasured); ], Variables: [ var1, type: double, handle var1, parent: task1, alias: l, comment: null, scope: task0 ], [ var2, type: double, handle var2, parent: task2, alias: u, comment: null, scope: task0 ], [ var3, type: int, handle var3, parent: task3, alias: n, comment: null, scope: task0 ], [ var4, type: int, handle var4, parent: task4, alias: kInit, comment: null, scope: task0 ], [ var5, type: double[][], handle var5, parent: task5, alias: xMeasured, comment: null, scope: task0 ], [ var6, type: double, handle var6, parent: task6, alias: null, comment: null, scope: task0 ], [ var7, type: double[], handle var7, parent: task7, alias: t, comment: null, scope: task0 ], [ var8, type: int, handle var8, parent: task8, alias: null, comment: null, scope: task0 ], [ var9, type: int, handle var9, parent: task9, alias: null, comment: null, scope: task0 ], [ var10, type: int, handle var10, parent: task10, alias: null, comment: null, scope: task10 ], [ var11, type: double[], handle var7, parent: task11, alias: null, comment: null, scope: task0 ], [ var12, type: int, handle var12, parent: task12, alias: null, comment: null, scope: task0 ], [ var13, type: double[][], handle var5, parent: task13, alias: xMeasured, comment: null, scope: task0 ], [ var14, type: double, handle var14, parent: task15, alias: null, comment: null, scope: task0 ], [ var15, type: double[], handle var15, parent: task16, alias: t, comment: null, scope: task0 ], [ var16, type: int, handle var16, parent: task17, alias: null, comment: null, scope: task0 ], [ var17, type: int, handle var17, parent: task18, alias: null, comment: null, scope: task0 ], [ var18, type: int, handle var18, parent: task19, alias: null, comment: null, scope: task19 ], [ var19, type: double[], handle var15, parent: task20, alias: null, comment: null, scope: task0 ], [ var20, type: int, handle var20, parent: task21, alias: null, comment: null, scope: task0 ], [ var21, type: double[][], handle var5, parent: task22, alias: xMeasured, comment: null, scope: task0 ], [ var22, type: double, handle var22, parent: task24, alias: null, comment: null, scope: task0 ], [ var23, type: double[], handle var23, parent: task25, alias: yMeasured, comment: null, scope: task0 ], [ var24, type: int, handle var24, parent: task26, alias: null, comment: null, scope: task0 ], [ var25, type: int, handle var25, parent: task27, alias: null, comment: null, scope: task0 ], [ var26, type: int, handle var26, parent: task28, alias: null, comment: null, scope: task28 ], [ var27, type: double[], handle var23, parent: task29, alias: null, comment: null, scope: task0 ], [ var28, type: int, handle var28, parent: task30, alias: null, comment: null, scope: task0 ], [ var29, type: double[], handle var29, parent: task31, alias: null, comment: null, scope: task0 ], [ var30, type: int, handle var30, parent: task32, alias: k, comment: null, scope: task0 ], [ var31, type: int, handle var31, parent: task33, alias: null, comment: null, scope: task0 ], [ var32, type: double[], handle var32, parent: task34, alias: y, comment: null, scope: task0, constraint: var93 ], [ var33, type: int, handle var33, parent: task35, alias: null, comment: null, scope: task0 ], [ var34, type: double[][], handle var34, parent: task36, alias: x, comment: null, scope: task0, constraint: var92 ], [ var35, type: double, handle var35, parent: task37, alias: null, comment: null, scope: task0 ], [ var36, type: double, handle var36, parent: task38, alias: null, comment: null, scope: task0 ], [ var37, type: Gaussian, handle var37, parent: task39, alias: null, comment: null, scope: task0 ], [ var38, type: double[], handle var38, parent: task40, alias: weights, comment: null, scope: task0 ], [ var39, type: int, handle var39, parent: task41, alias: null, comment: null, scope: task0 ], [ var40, type: int, handle var40, parent: task42, alias: null, comment: null, scope: task0 ], [ var41, type: int, handle var41, parent: task43, alias: null, comment: null, scope: task43 ], [ var42, type: double, handle var42, parent: task44, alias: null, comment: null, scope: task43 ], [ var43, type: double[], handle var38, parent: task45, alias: null, comment: null, scope: task0 ], [ var44, type: double, handle var44, parent: task46, alias: null, comment: null, scope: task0 ], [ var45, type: double, handle var45, parent: task47, alias: null, comment: null, scope: task0 ], [ var46, type: Gaussian, handle var46, parent: task48, alias: null, comment: null, scope: task0 ], [ var47, type: double, handle var47, parent: task49, alias: bias, comment: null, scope: task0 ], [ var48, type: double, handle var48, parent: task50, alias: null, comment: null, scope: task0 ], [ var49, type: double, handle var49, parent: task51, alias: null, comment: null, scope: task0 ], [ var50, type: InverseGamma, handle var50, parent: task52, alias: null, comment: null, scope: task0 ], [ var51, type: double, handle var51, parent: task53, alias: tau, comment: null, scope: task0 ], [ var52, type: int, handle var52, parent: task54, alias: null, comment: null, scope: task0 ], [ var53, type: int, handle var53, parent: task55, alias: null, comment: null, scope: task0 ], [ var54, type: int, handle var54, parent: task56, alias: null, comment: null, scope: task0 ], [ var55, type: int, handle var55, parent: task57, alias: i, comment: null, scope: task57 ], [ var56, type: Uniform, handle var56, parent: task58, alias: uniform, comment: null, scope: task57 ], [ var57, type: double[], handle var57, parent: task59, alias: null, comment: null, scope: task57 ], [ var58, type: int, handle var58, parent: task60, alias: null, comment: null, scope: task57 ], [ var59, type: int, handle var59, parent: task61, alias: null, comment: null, scope: task57 ], [ var60, type: int, handle var60, parent: task62, alias: null, comment: null, scope: task62 ], [ var61, type: double, handle var61, parent: task63, alias: null, comment: null, scope: task62 ], [ var62, type: double[], handle var57, parent: task64, alias: null, comment: null, scope: task57 ], [ var63, type: double[][], handle var34, parent: task65, alias: x, comment: null, scope: task0 ], [ var64, type: int, handle var64, parent: task67, alias: null, comment: null, scope: task0 ], [ var65, type: int, handle var65, parent: task68, alias: null, comment: null, scope: task0 ], [ var66, type: int, handle var66, parent: task69, alias: null, comment: null, scope: task0 ], [ var67, type: int, handle var67, parent: task70, alias: i, comment: null, scope: task70 ], [ var68, type: double[], handle var68, parent: task71, alias: phi, comment: null, scope: task70 ], [ var69, type: int, handle var69, parent: task72, alias: null, comment: null, scope: task70 ], [ var70, type: int, handle var70, parent: task73, alias: null, comment: null, scope: task70 ], [ var71, type: int, handle var71, parent: task74, alias: j, comment: null, scope: task74 ], [ var72, type: double, handle var72, parent: task75, alias: null, comment: null, scope: task74 ], [ var73, type: double[], handle var73, parent: task76, alias: null, comment: null, scope: task74 ], [ var74, type: double, handle var74, parent: task77, alias: null, comment: null, scope: task74 ], [ var75, type: double, handle var75, parent: task78, alias: null, comment: null, scope: task74 ], [ var76, type: double[], handle var68, parent: task79, alias: phi, comment: null, scope: task70 ], [ var77, type: int, handle var77, parent: task80, alias: null, comment: null, scope: task70 ], [ var78, type: int, handle var78, parent: task81, alias: null, comment: null, scope: task70 ], [ var79, type: double, handle var79, parent: task82, alias: null, comment: null, scope: task70 ], [ var80, type: double, handle var80, parent: task84, alias: null, comment: null, scope: task83 ], [ var81, type: double, handle var81, parent: task85, alias: null, comment: null, scope: task83 ], [ var82, type: double, handle var82, parent: task86, alias: null, comment: null, scope: task83 ], [ var83, type: double, handle var83, parent: task87, alias: null, comment: null, scope: task70 ], [ var84, type: double, handle var84, parent: task88, alias: null, comment: null, scope: task70 ], [ var85, type: Gaussian, handle var85, parent: task89, alias: null, comment: null, scope: task70 ], [ var86, type: double, handle var86, parent: task90, alias: null, comment: null, scope: task70 ], [ var87, type: double[], handle var32, parent: task91, alias: y, comment: null, scope: task0 ], 