import org.sandwood.runtime.internal.numericTools.Conjugates;
import org.sandwood.runtime.internal.numericTools.DistributionSampling;
import org.sandwood.runtime.model.ExecutionTarget;

class ClassName$SingleThreadCPU extends org.sandwood.runtime.internal.model.CoreModelSingleThreadCPU implements ClassName$CoreInterface {
	
	// Declare the variables for the model.
	private double bias;
	private boolean fixedFlag$sample4 = false;
	private boolean fixedFlag$sample6 = false;
	private boolean fixedProbFlag$sample4 = false;
	private boolean fixedProbFlag$sample6 = false;
	private boolean flip;
	private boolean flipMeasured;
	private double logProbability$$evidence;
	private double logProbability$$model;
	private double logProbability$bernoulli;
	private double logProbability$bias;
	private double logProbability$flip;
	private double logProbability$var3;
	private boolean system$gibbsForward = true;

	public ClassName$SingleThreadCPU(ExecutionTarget target) {
		super(target);
	}

	// Getter for a.
	@Override
	public final double get$a() {
		return 1.0;
	}

	// Getter for b.
	@Override
	public final double get$b() {
		return 1.0;
	}

	// Getter for bias.
	@Override
	public final double get$bias() {
		return bias;
	}

	// Setter for bias.
	@Override
	public final void set$bias(double cv$value) {
		// Set flags for all the side effects of bias including if probabilities need to be
		// updated.
		bias = cv$value;
		
		// Unset the fixed probability flag for sample 4 as it depends on bias.
		fixedProbFlag$sample4 = false;
		
		// Unset the fixed probability flag for sample 6 as it depends on bias.
		fixedProbFlag$sample6 = false;
	}

	// Getter for fixedFlag$sample4.
	@Override
	public final boolean get$fixedFlag$sample4() {
		return fixedFlag$sample4;
	}

	// Setter for fixedFlag$sample4.
	@Override
	public final void set$fixedFlag$sample4(boolean cv$value) {
		// Set flags for all the side effects of fixedFlag$sample4 including if probabilities
		// need to be updated.
		fixedFlag$sample4 = cv$value;
		
		// Should the probability of sample 4 be set to fixed. This will only every change
		// the flag to false.
		// 
		// Substituted "fixedFlag$sample4" with its value "cv$value".
		fixedProbFlag$sample4 = (cv$value && fixedProbFlag$sample4);
		
		// Should the probability of sample 6 be set to fixed. This will only every change
		// the flag to false.
		// 
		// Substituted "fixedFlag$sample4" with its value "cv$value".
		fixedProbFlag$sample6 = (cv$value && fixedProbFlag$sample6);
	}

	// Getter for fixedFlag$sample6.
	@Override
	public final boolean get$fixedFlag$sample6() {
		return fixedFlag$sample6;
	}

	// Setter for fixedFlag$sample6.
	@Override
	public final void set$fixedFlag$sample6(boolean cv$value) {
		// Set flags for all the side effects of fixedFlag$sample6 including if probabilities
		// need to be updated.
		fixedFlag$sample6 = cv$value;
		
		// Should the probability of sample 6 be set to fixed. This will only every change
		// the flag to false.
		// 
		// Substituted "fixedFlag$sample6" with its value "cv$value".
		fixedProbFlag$sample6 = (cv$value && fixedProbFlag$sample6);
	}

	// Getter for flip.
	@Override
	public final boolean get$flip() {
		return flip;
	}

	// Setter for flip.
	@Override
	public final void set$flip(boolean cv$value) {
		// Set flags for all the side effects of flip including if probabilities need to be
		// updated.
		flip = cv$value;
		
		// Unset the fixed probability flag for sample 6 as it depends on flip.
		fixedProbFlag$sample6 = false;
	}

	// Getter for flipMeasured.
	@Override
	public final boolean get$flipMeasured() {
		return flipMeasured;
	}

	// Setter for flipMeasured.
	@Override
	public final void set$flipMeasured(boolean cv$value) {
		flipMeasured = cv$value;
	}

	// Getter for logProbability$$evidence.
	@Override
	public final double get$logProbability$$evidence() {
		return logProbability$$evidence;
	}

	// Getter for the probability of logProbability$$model.
	@Override
	public final double getCurrentLogProbability() {
		return logProbability$$model;
	}

	// Getter for logProbability$bernoulli.
	@Override
	public final double get$logProbability$bernoulli() {
		return logProbability$bernoulli;
	}

	// Getter for logProbability$bias.
	@Override
	public final double get$logProbability$bias() {
		return logProbability$bias;
	}

	// Getter for logProbability$flip.
	@Override
	public final double get$logProbability$flip() {
		return logProbability$flip;
	}

	// Calculate the probability of the samples represented by sample4 using sampled values.
	private final void logProbabilityValue$sample4() {
		// Determine if we need to calculate the values for sample task 4 or if we should
		// just use cached values.
		if(!fixedProbFlag$sample4) {
			// Generating probabilities for sample task
			// Variable declaration of cv$distributionAccumulator moved.
			// Declaration comment was:
			// Variable declaration of cv$distributionAccumulator moved.
			// Declaration comment was:
			// An accumulator for log probabilities.
			// 
			// Store the value of the function call, so the function call is only made once.
			// 
			// The sample value to calculate the probability of generating
			// 
			// Scale the probability relative to the observed distribution space.
			// 
			// Add the probability of this distribution configuration to the accumulator.
			// 
			// An accumulator for the distributed probability space covered.
			// 
			// Variable declaration of cv$distributionAccumulator moved.
			// Declaration comment was:
			// An accumulator for log probabilities.
			// 
			// Store the value of the function call, so the function call is only made once.
			// 
			// The sample value to calculate the probability of generating
			double cv$distributionAccumulator = DistributionSampling.logProbabilityBeta(bias, 1.0, 1.0);
			
			// Add the probability of this sample task to the sample task accumulator.
			// 
			// Accumulator for sample probabilities for a specific instance of the random variable.
			logProbability$var3 = cv$distributionAccumulator;
			
			// Store the sample task probability
			logProbability$bias = cv$distributionAccumulator;
			
			// Add probability to model
			// 
			// Variable declaration of cv$accumulator moved.
			// Declaration comment was:
			// Accumulator for probabilities of instances of the random variable
			// 
			// Add the probability of this instance of the random variable to the probability
			// of all instances of the random variable.
			// 
			// Accumulator for probabilities of instances of the random variable
			// 
			// Add the probability of this sample task to the sample task accumulator.
			// 
			// Accumulator for sample probabilities for a specific instance of the random variable.
			logProbability$$model = (logProbability$$model + cv$distributionAccumulator);
			
			// If this value is fixed, add it to the probability of this model producing the fixed
			// values
			if(fixedFlag$sample4)
				// Variable declaration of cv$accumulator moved.
				// Declaration comment was:
				// Accumulator for probabilities of instances of the random variable
				// 
				// Add the probability of this instance of the random variable to the probability
				// of all instances of the random variable.
				// 
				// Accumulator for probabilities of instances of the random variable
				// 
				// Add the probability of this sample task to the sample task accumulator.
				// 
				// Accumulator for sample probabilities for a specific instance of the random variable.
				logProbability$$evidence = (logProbability$$evidence + cv$distributionAccumulator);
			
			// Now the probability is calculated store if it can be cached or if it needs to be
			// recalculated next time.
			fixedProbFlag$sample4 = fixedFlag$sample4;
		}
		// Using cached values.
		else {
			// Updating random variable and model probabilities using cached probabilities for
			// this sample
			logProbability$var3 = logProbability$bias;
			
			// Add probability to model
			// 
			// Variable declaration of cv$accumulator moved.
			logProbability$$model = (logProbability$$model + logProbability$bias);
			
			// If this value is fixed, add it to the probability of this model producing the fixed
			// values
			if(fixedFlag$sample4)
				// Variable declaration of cv$accumulator moved.
				logProbability$$evidence = (logProbability$$evidence + logProbability$bias);
		}
	}

	// Calculate the probability of the samples represented by sample6 using sampled values.
	private final void logProbabilityValue$sample6() {
		// Determine if we need to calculate the values for sample task 6 or if we should
		// just use cached values.
		if(!fixedProbFlag$sample6) {
			// Generating probabilities for sample task
			// Variable declaration of cv$distributionAccumulator moved.
			// Declaration comment was:
			// Variable declaration of cv$distributionAccumulator moved.
			// Declaration comment was:
			// An accumulator for log probabilities.
			// 
			// Store the value of the function call, so the function call is only made once.
			// 
			// The sample value to calculate the probability of generating
			// 
			// Scale the probability relative to the observed distribution space.
			// 
			// Add the probability of this distribution configuration to the accumulator.
			// 
			// An accumulator for the distributed probability space covered.
			// 
			// Variable declaration of cv$distributionAccumulator moved.
			// Declaration comment was:
			// An accumulator for log probabilities.
			// 
			// Store the value of the function call, so the function call is only made once.
			// 
			// The sample value to calculate the probability of generating
			double cv$distributionAccumulator = DistributionSampling.logProbabilityBernoulli(flip, bias);
			
			// Add the probability of this sample task to the sample task accumulator.
			// 
			// Accumulator for sample probabilities for a specific instance of the random variable.
			logProbability$bernoulli = cv$distributionAccumulator;
			
			// Store the sample task probability
			logProbability$flip = cv$distributionAccumulator;
			
			// Add probability to model
			// 
			// Variable declaration of cv$accumulator moved.
			// Declaration comment was:
			// Accumulator for probabilities of instances of the random variable
			// 
			// Add the probability of this instance of the random variable to the probability
			// of all instances of the random variable.
			// 
			// Accumulator for probabilities of instances of the random variable
			// 
			// Add the probability of this sample task to the sample task accumulator.
			// 
			// Accumulator for sample probabilities for a specific instance of the random variable.
			logProbability$$model = (logProbability$$model + cv$distributionAccumulator);
			
			// Variable declaration of cv$accumulator moved.
			// Declaration comment was:
			// Accumulator for probabilities of instances of the random variable
			// 
			// Add the probability of this instance of the random variable to the probability
			// of all instances of the random variable.
			// 
			// Accumulator for probabilities of instances of the random variable
			// 
			// Add the probability of this sample task to the sample task accumulator.
			// 
			// Accumulator for sample probabilities for a specific instance of the random variable.
			logProbability$$evidence = (logProbability$$evidence + cv$distributionAccumulator);
			
			// Now the probability is calculated store if it can be cached or if it needs to be
			// recalculated next time.
			fixedProbFlag$sample6 = (fixedFlag$sample6 && fixedFlag$sample4);
		}
		// Using cached values.
		else {
			// Updating random variable and model probabilities using cached probabilities for
			// this sample
			logProbability$bernoulli = logProbability$flip;
			
			// Add probability to model
			// 
			// Variable declaration of cv$accumulator moved.
			logProbability$$model = (logProbability$$model + logProbability$flip);
			
			// Variable declaration of cv$accumulator moved.
			logProbability$$evidence = (logProbability$$evidence + logProbability$flip);
		}
	}

	// Method to perform the inference steps to calculate new values for the samples generated
	// by sample task 4 drawn from Beta 3. Inference was performed using a Beta to Bernoulli/Binomial
	// conjugate prior.
	private final void sample4() {
		// Local variable to record the number of true samples.
		int cv$sum = 0;
		
		// If the sample value was positive increase the count
		if(flip)
			// Local variable to record the number of true samples.
			cv$sum = 1;
		
		// Write out the new value of the sample.
		// 
		// Processing random variable 5.
		// 
		// Processing sample task 6 of consumer random variable bernoulli.
		// 
		// Include the value sampled by task 6 from random variable bernoulli.
		// 
		// Increment the number of samples.
		// 
		// Local variable to record the number of samples.
		bias = Conjugates.sampleConjugateBetaBinomial(RNG$, 1.0, 1.0, cv$sum, 1);
	}

	// Method to allocate space temporary variables used by the inference methods. Allocating
	// here prevents repeated allocation and deallocation, and makes the code more amenable
	// to GPU execution.
	@Override
	public final void allocateScratch() {}

	// Method to allocate space for model inputs and outputs.
	@Override
	public final void allocator() {}

	// Method to execute the model code conventionally.
	@Override
	public final void forwardGeneration() {
		if(!fixedFlag$sample4)
			bias = DistributionSampling.sampleBeta(RNG$, 1.0, 1.0);
		if(!fixedFlag$sample6)
			flip = DistributionSampling.sampleBernoulli(RNG$, bias);
	}

	// Method to execute the model code conventionally, excluding the elements that generate
	// observed values. Distributions are calculated and stored.
	@Override
	public final void forwardGenerationDistributionsNoOutputs() {
		if(!fixedFlag$sample4)
			bias = DistributionSampling.sampleBeta(RNG$, 1.0, 1.0);
	}

	// Method to execute the model code conventionally, excluding the elements that generate
	// observed values. Distributions are collapsed to single values.
	@Override
	public final void forwardGenerationValuesNoOutputs() {
		if(!fixedFlag$sample4)
			bias = DistributionSampling.sampleBeta(RNG$, 1.0, 1.0);
	}

	// Method to execute one round of Gibbs sampling.
	@Override
	public final void gibbsRound() {
		// Constraints moved from conditionals in inner loops/scopes/etc.
		if(!fixedFlag$sample4)
			sample4();
		
		// Reverse the direction of execution for the next iteration
		system$gibbsForward = !system$gibbsForward;
	}

	// Method for initialising the model into a valid state before commencing inference
	// etc.
	@Override
	public final void initializeConstants() {}

	// A method to initialize all the probabilities in the model to 0/Log(1) ready for
	// the current probabilities to be calculated by calculating the probability of each
	// sample task, and its effect on the rest of the model.
	private final void initializeLogProbabilityFields() {
		// Set the probabilities of the random variable, and the model as a whole to ready
		// them to be reconstructed by the probability calls for each sample. Sample probabilities
		// are only reset for samples that are not fixed at a value that has already been
		// calculated.
		logProbability$$model = 0.0;
		logProbability$$evidence = 0.0;
		logProbability$var3 = 0.0;
		if(!fixedProbFlag$sample4)
			logProbability$bias = 0.0;
		logProbability$bernoulli = 0.0;
		if(!fixedProbFlag$sample6)
			logProbability$flip = 0.0;
	}

	// Method to generate a new random state for the model excluding any fixed values
	// and then calculate its probability.
	@Override
	public final void logEvidenceGeneration() {
		// Generate values for all the samples in the model that were not fixed or observed.
		forwardGenerationValuesNoOutputs();
		
		// Calculate the probability for the resulting model.
		logEvidenceProbabilities();
	}

	// Construct the evidence probabilities.
	private final void logEvidenceProbabilities() {
		// Reset all the non-fixed probabilities ready to calculate the new values.
		initializeLogProbabilityFields();
		
		// Call each method in turn to generate the new probability values.
		if(fixedFlag$sample4)
			logProbabilityValue$sample4();
		logProbabilityValue$sample6();
	}

	// Method to calculate the probabilities of all the samples in the model including
	// those generating fixed data. In the process probabilities for all the random variables
	// and for the model as a whole will be calculated. This model uses distributions
	// when possible.
	@Override
	public final void logModelProbabilitiesDist() {
		// Reset all the non-fixed probabilities ready to calculate the new values.
		initializeLogProbabilityFields();
		
		// Calculate the probabilities for each sample task in the model, generating probabilities
		// for the random variables and whole model in the process using distributions where
		// appropriate.
		// 
		// Calculate the probabilities for each sample task in the model, generating probabilities
		// for the random variables and whole model in the process using values only.
		logProbabilityValue$sample4();
		logProbabilityValue$sample6();
	}

	// Method to calculate the probabilities of all the samples in the model including
	// those generating fixed data. In the process probabilities for all the random variables
	// and for the model as a whole will be calculated. This model only uses values.
	@Override
	public final void logModelProbabilitiesVal() {
		// Reset all the non-fixed probabilities ready to calculate the new values.
		initializeLogProbabilityFields();
		
		// Calculate the probabilities for each sample task in the model, generating probabilities
		// for the random variables and whole model in the process using distributions where
		// appropriate.
		// 
		// Calculate the probabilities for each sample task in the model, generating probabilities
		// for the random variables and whole model in the process using values only.
		logProbabilityValue$sample4();
		logProbabilityValue$sample6();
	}

	// Method to generate a random state of the model including random outputs, and then
	// to calculate the probability of this random state.
	@Override
	public final void logProbabilityGeneration() {
		// Generate sample values for every call to sample in the model.
		if(!fixedFlag$sample4)
			bias = DistributionSampling.sampleBeta(RNG$, 1.0, 1.0);
		
		// Calculate the probabilities for every sample task in the model. These values are
		// then used to calculate the probabilities of random variables and the model as a
		// whole.
		logModelProbabilitiesVal();
	}

	// Method to propagate observed values back into the model.
	@Override
	public final void propogateObservedValues() {
		// Propagating values back from observations into the models intermediate variables.
		flip = flipMeasured;
	}

	// A method to set array values that depend on the output of a sample task, but are
	// not directly set by the sample task.
	@Override
	public final void setIntermediates() {}

	@Override
	public String modelCode() {
		return null;
	}
}